// Jest Snapshot v1, https://goo.gl/fbAQLP

exports[
  `<Transaction /> should render the paid transaction with correct values 1`
] = `
.c0 {
  color: #72737A;
  font-size: 1.4rem;
}

<span
  class="c0"
>
  Paga
</span>
`;

exports[
  `<Transaction /> should render the paid transaction with correct values 2`
] = `
.c0 {
  color: #2B2B2B;
  font-weight: 700;
}

<h4
  class="c0"
>
  R$Â 150,00
</h4>
`;

exports[
  `<Transaction /> should render the refused transaction with correct values 1`
] = `
.c0 {
  color: #72737A;
  font-size: 1.4rem;
}

<span
  class="c0"
>
  Recusada
</span>
`;
